[koklothing.bigcartel.com/index.html]
[backblue.gif]
[fade.gif]
[index.html]
[storefront-stylesheets.bigcartel.com/theme_stylesheets/83564431/1486783427/theme.css]
[koklothing.bigcartel.com/products.rss]
[koklothing.bigcartel.com/stats.min.js]
[images.bigcartel.com/theme_images/29954509/ko_(1).png]
[koklothing.bigcartel.com/cart.html]
[koklothing.bigcartel.com/about-us.html]
[koklothing.bigcartel.com/donations.html]
[koklothing.bigcartel.com/contact.html]
[koklothing.bigcartel.com/products.html]
[ajax.googleapis.com/ajax/libs/jquery/1.10.2/jquery.min.js]
[cache0.bigcartel.com/api/4/api.usd.js]
[cache0.bigcartel.com/theme_assets/79/2.1.0/theme.js]
[koklothing.bigcartel.com/index.html]
[cache1.bigcartel.com/theme_assets/79/2.1.0/images/cart_icon.png]
[cache0.bigcartel.com/theme_assets/79/2.1.0/images/search_icon.png]
[cache0.bigcartel.com/theme_assets/79/2.1.0/images/hamburger.png]
[cache0.bigcartel.com/theme_assets/79/2.1.0/images/x_outs_sprite.png]
[cache1.bigcartel.com/theme_assets/79/2.1.0/images/slide_arrow.png]
[cache0.bigcartel.com/theme_assets/79/2.1.0/images/arrows_sprite.png]
[storefront-stylesheets.bigcartel.com/theme_stylesheets/83564431/1486783427/theme.css]
[koklothing.bigcartel.com/stats.min.js]
[koklothing.bigcartel.com/cart.html]
[koklothing.bigcartel.com/about-us.html]
[koklothing.bigcartel.com/donations.html]
[koklothing.bigcartel.com/contact.html]
[koklothing.bigcartel.com/products.html]
[koklothing.bigcartel.com/log_stats.gif]
[koklothing.bigcartel.com/log_product_view.gif]
